------------------------------------------------------------
Timing Analyzer Summary
------------------------------------------------------------

Type  : Slow 1100mV 85C Model Setup 'clock'
Slack : -11.577
TNS   : -1675.097

Type  : Slow 1100mV 85C Model Hold 'clock'
Slack : 0.341
TNS   : 0.000

Type  : Slow 1100mV 85C Model Minimum Pulse Width 'clock'
Slack : -2.636
TNS   : -610.463

Type  : Slow 1100mV 0C Model Setup 'clock'
Slack : -11.719
TNS   : -1623.181

Type  : Slow 1100mV 0C Model Hold 'clock'
Slack : 0.327
TNS   : 0.000

Type  : Slow 1100mV 0C Model Minimum Pulse Width 'clock'
Slack : -2.636
TNS   : -632.865

Type  : Fast 1100mV 85C Model Setup 'clock'
Slack : -6.416
TNS   : -860.087

Type  : Fast 1100mV 85C Model Hold 'clock'
Slack : 0.177
TNS   : 0.000

Type  : Fast 1100mV 85C Model Minimum Pulse Width 'clock'
Slack : -2.636
TNS   : -373.263

Type  : Fast 1100mV 0C Model Setup 'clock'
Slack : -5.967
TNS   : -751.414

Type  : Fast 1100mV 0C Model Hold 'clock'
Slack : 0.169
TNS   : 0.000

Type  : Fast 1100mV 0C Model Minimum Pulse Width 'clock'
Slack : -2.636
TNS   : -373.271

------------------------------------------------------------
