------------------------------------------------------------
Timing Analyzer Summary
------------------------------------------------------------

Type  : Slow 1100mV 85C Model Setup 'clock'
Slack : -11.323
TNS   : -1405.643

Type  : Slow 1100mV 85C Model Hold 'clock'
Slack : 0.230
TNS   : 0.000

Type  : Slow 1100mV 85C Model Minimum Pulse Width 'clock'
Slack : -2.636
TNS   : -600.609

Type  : Slow 1100mV 0C Model Setup 'clock'
Slack : -11.437
TNS   : -1371.095

Type  : Slow 1100mV 0C Model Hold 'clock'
Slack : 0.215
TNS   : 0.000

Type  : Slow 1100mV 0C Model Minimum Pulse Width 'clock'
Slack : -2.636
TNS   : -607.637

Type  : Fast 1100mV 85C Model Setup 'clock'
Slack : -6.300
TNS   : -660.377

Type  : Fast 1100mV 85C Model Hold 'clock'
Slack : 0.147
TNS   : 0.000

Type  : Fast 1100mV 85C Model Minimum Pulse Width 'clock'
Slack : -2.636
TNS   : -384.532

Type  : Fast 1100mV 0C Model Setup 'clock'
Slack : -5.823
TNS   : -575.511

Type  : Fast 1100mV 0C Model Hold 'clock'
Slack : 0.131
TNS   : 0.000

Type  : Fast 1100mV 0C Model Minimum Pulse Width 'clock'
Slack : -2.636
TNS   : -384.732

------------------------------------------------------------
